PASS_RUNTIME: real RitsuLib per-player storage, two serialized replicas, stale move rejection, independent inventory/rewards/shop/gallery progress, installed chips stay discovered, JSON save/rejoin roundtrip
OFFICIAL_SAVE: MegaCrit.Sts2.Core.Runs.RunManager+<EnterMapPointInternal>d__192.MoveNext -> SaveManager.SaveRun
OFFICIAL_SAVE: MegaCrit.Sts2.Core.Combat.CombatManager+<EndCombatInternal>d__122.MoveNext -> SaveManager.SaveRun
OFFICIAL_SAVE: MegaCrit.Sts2.Core.Rooms.EventRoom.OnEventStateChanged -> SaveManager.SaveRun
PASS_CHECKPOINT: actual RitsuLib save attachments stay frozen; pre-checkpoint continue rolls back inventory/placements/rewards/shop; live rejoin retains pending state; next checkpoint retains both independent players
PASS_RELIC_CHOICE: prepared tooth/Orobas options, owned-relic exclusion, actual RelicSelectCmd synchronized indices 0/1/cancel; actual 8x8 executor cancel preserves all state and clears the player lock
CAPTURE_RESULT 0 (1920, 1080) patchwork_zhs_preview.png
PASS_UI: inventory drag, board drag, outside cancellation, overlap, rotation, flip, center grid
Godot Engine v4.5.1.stable.mono.official.f62fdbde1 - https://godotengine.org
OpenGL API 3.3.0 NVIDIA 577.05 - Compatibility - Using Device: NVIDIA - NVIDIA GeForce RTX 5060 Laptop GPU

SentryGodotInitializer: Sentry GDExtension not loaded in this process; skipping. If you see this in a running game (not during project export or IDE script analysis), check Godot's log for extension load failures.
ENTRY_CAPTURE 0
CAPTURE_RESULT 0
PASS_GALLERY: 34 chips, gray undiscovered artwork, colored inventory/installed chips, live discovery refresh, book hover/click, modal isolation, cursor restoration, close/reopen/Escape, viewing preserves board state
PASS_VISUAL: unknown-chip grayscale retains 0.819 luminance; 4293 opaque colored-reference pixels checked
  LaffeySpire2 -> D:\GitClone\LaffeySpire2\.godot\mono\temp\bin\Debug\LaffeySpire2.dll
  Copying .dll and manifest to mods folder.

已成功生成。
    0 个警告
    0 个错误

已用时间 00:00:00.78
