  LaffeySpire2 -> D:\GitClone\LaffeySpire2\.verification\patchwork\bin\LaffeySpire2.dll
  Copying .dll and manifest to mods folder.

已成功生成。
    0 个警告
    0 个错误

已用时间 00:00:00.74
Godot Engine v4.5.1.stable.mono.official.f62fdbde1 - https://godotengine.org

ERROR: Failed to read the root certificate store.
   at: get_system_ca_certificates (platform/windows/os_windows.cpp:2548)
[   0% ] [90m[1mfirst_scan_filesystem[22m | Started 项目初始化 (5 steps)[39m[0m
[   0% ] [90m[1mfirst_scan_filesystem[22m | 正在扫描文件结构……[39m[0m
[  16% ] [90m[1mfirst_scan_filesystem[22m | 正在加载全局类名……[39m[0m
[  33% ] [90m[1mfirst_scan_filesystem[22m | 正在校验 GDExtension……[39m[0m
[  50% ] [90m[1mfirst_scan_filesystem[22m | 正在创建自动加载脚本……[39m[0m
[  66% ] [90m[1mfirst_scan_filesystem[22m | 正在初始化插件……[39m[0m
[  83% ] [90m[1mfirst_scan_filesystem[22m | 正在启动文件扫描……[39m[0m
[92m[ DONE ][39m [1mfirst_scan_filesystem[22m
[0m
[   0% ] [90m[1m_update_scan_actions[22m | Started 正在扫描动作…… (5 steps)[39m[0m
[   0% ] [90m[1m_update_scan_actions[22m | chip_07.png[39m[0m
[  16% ] [90m[1m_update_scan_actions[22m | patchwork_chip_gallery.png[39m[0m
[  33% ] [90m[1m_update_scan_actions[22m | patchwork_eng_preview.png[39m[0m
[  50% ] [90m[1m_update_scan_actions[22m | patchwork_zhs_installed.png[39m[0m
[  66% ] [90m[1m_update_scan_actions[22m | patchwork_zhs_preview.png[39m[0m
[92m[ DONE ][39m [1m_update_scan_actions[22m
[0m
[   0% ] [90m[1mreimport[22m | Started 正在导入或重新导入资产 (4 steps)[39m[0m
[   0% ] [90m[1mreimport[22m | 正在准备重新加载文件……[39m[0m
[  20% ] [90m[1mreimport[22m | 正在准备重新加载文件……[39m[0m
[  40% ] [90m[1mreimport[22m | 正在准备重新加载文件……[39m[0m
[  60% ] [90m[1mreimport[22m | 正在准备重新加载文件……[39m[0m
[   0% ] [90m[1mreimport[22m | 正在执行重新加载前的操作……[39m[0m
[   0% ] [90m[1mreimport[22m | chip_07.png[39m[0m
[  20% ] [90m[1mreimport[22m | patchwork_eng_preview.png[39m[0m
[  40% ] [90m[1mreimport[22m | patchwork_zhs_installed.png[39m[0m
[  60% ] [90m[1mreimport[22m | patchwork_zhs_preview.png[39m[0m
[  80% ] [90m[1mreimport[22m | 正在结束资产导入……[39m[0m
[92m[ DONE ][39m [1mreimport[22m
[0m
[   0% ] [90m[1mreimport[22m | Started 正在导入或重新导入资产 (4 steps)[39m[0m
[   0% ] [90m[1mreimport[22m | 正在执行重新加载后的操作……[39m[0m
[92m[ DONE ][39m [1mreimport[22m
[0m
[   0% ] [90m[1mloading_editor_layout[22m | Started 正在加载编辑器 (5 steps)[39m[0m
[   0% ] [90m[1mloading_editor_layout[22m | 正在加载编辑器布局……[39m[0m
[92m[ DONE ][39m [1mloading_editor_layout[22m
[0m
Godot Engine v4.5.1.stable.mono.official.f62fdbde1 - https://godotengine.org
OpenGL API 3.3.0 NVIDIA 577.05 - Compatibility - Using Device: NVIDIA - NVIDIA GeForce RTX 5060 Laptop GPU

SentryGodotInitializer: Sentry GDExtension not loaded in this process; skipping. If you see this in a running game (not during project export or IDE script analysis), check Godot's log for extension load failures.
CAPTURE_RESULT 0 (1920, 1080) patchwork_zhs_preview.png
PASS_UI: selection, invalid placement, rotation, flip, reward preview

Godot Engine v4.5.1.stable.mono.official.f62fdbde1 - https://godotengine.org
OpenGL API 3.3.0 NVIDIA 577.05 - Compatibility - Using Device: NVIDIA - NVIDIA GeForce RTX 5060 Laptop GPU

SentryGodotInitializer: Sentry GDExtension not loaded in this process; skipping. If you see this in a running game (not during project export or IDE script analysis), check Godot's log for extension load failures.
CAPTURE_RESULT 0 (1920, 1080) patchwork_eng_preview.png
PASS_UI: selection, invalid placement, rotation, flip, reward preview

Godot Engine v4.5.1.stable.mono.official.f62fdbde1 - https://godotengine.org
OpenGL API 3.3.0 NVIDIA 577.05 - Compatibility - Using Device: NVIDIA - NVIDIA GeForce RTX 5060 Laptop GPU

SentryGodotInitializer: Sentry GDExtension not loaded in this process; skipping. If you see this in a running game (not during project export or IDE script analysis), check Godot's log for extension load failures.
CAPTURE_RESULT 0 (1920, 1080) patchwork_zhs_installed.png
PASS_UI: selection, invalid placement, rotation, flip, reward preview and installation

Godot Engine v4.5.1.stable.mono.official.f62fdbde1 - https://godotengine.org
OpenGL API 3.3.0 NVIDIA 577.05 - Compatibility - Using Device: NVIDIA - NVIDIA GeForce RTX 5060 Laptop GPU

CAPTURE_RESULT 0
PASS_UI: all 34 whole-chip models loaded and rendered

Preview project and screenshots: D:\GitClone\LaffeySpire2\.verification\patchwork\preview
