Godot Engine v4.5.1.stable.mono.official.f62fdbde1 - https://godotengine.org
OpenGL API 3.3.0 NVIDIA 577.05 - Compatibility - Using Device: NVIDIA - NVIDIA GeForce RTX 5060 Laptop GPU

PASS_ART: 34 exact canvas ratios; square source cells; alpha footprints; 272 rotation/flip placements; malformed input stays uniformly scaled
PASS_RENDER: D:/GitClone/LaffeySpire2/.verification/chip-proportions/runtime-gallery.png
Godot Engine v4.5.1.stable.mono.official.f62fdbde1 - https://godotengine.org
OpenGL API 3.3.0 NVIDIA 577.05 - Compatibility - Using Device: NVIDIA - NVIDIA GeForce RTX 5060 Laptop GPU

PASS_PIXELS: all 272 rendered transforms match independent uniformly transformed whole PNGs at interior sample pixels
Godot Engine v4.5.1.stable.mono.official.f62fdbde1 - https://godotengine.org
OpenGL API 3.3.0 NVIDIA 577.05 - Compatibility - Using Device: NVIDIA - NVIDIA GeForce RTX 5060 Laptop GPU

SentryGodotInitializer: Sentry GDExtension not loaded in this process; skipping. If you see this in a running game (not during project export or IDE script analysis), check Godot's log for extension load failures.
PASS_RUNTIME: real RitsuLib per-player storage, two serialized replicas, stale move rejection, independent inventory/rewards/shop progress, JSON save/rejoin roundtrip
CAPTURE_RESULT 0 (1920, 1080) patchwork_zhs_installed.png
PASS_UI: inventory drag, board drag, outside cancellation, overlap, rotation, flip, center grid and installed-chip relocation with retained reward
Godot Engine v4.5.1.stable.mono.official.f62fdbde1 - https://godotengine.org
OpenGL API 3.3.0 NVIDIA 577.05 - Compatibility - Using Device: NVIDIA - NVIDIA GeForce RTX 5060 Laptop GPU

SentryGodotInitializer: Sentry GDExtension not loaded in this process; skipping. If you see this in a running game (not during project export or IDE script analysis), check Godot's log for extension load failures.
PASS_RUNTIME: real RitsuLib per-player storage, two serialized replicas, stale move rejection, independent inventory/rewards/shop progress, JSON save/rejoin roundtrip
CAPTURE_RESULT 0 (1920, 1080) patchwork_eng_preview.png
PASS_UI: inventory drag, board drag, outside cancellation, overlap, rotation, flip, center grid
  LaffeySpire2 -> D:\GitClone\LaffeySpire2\.verification\patchwork\bin\LaffeySpire2.dll
  Copying .dll and manifest to mods folder.

已成功生成。
    0 个警告
    0 个错误

已用时间 00:00:00.90
  LaffeySpire2 -> D:\GitClone\LaffeySpire2\.verification\chip-proportions\full-build\LaffeySpire2.dll
  Copying .dll and manifest to mods folder.

已成功生成。
    0 个警告
    0 个错误

已用时间 00:00:00.89
