Fix: CloseGallery restores catalogue focus only when the official controller manager reports directional navigation.
Native resource test mounts the official game resource pack read-only. No Steam mod or save writes.

Godot Engine v4.5.1.stable.mono.official.f62fdbde1 - https://godotengine.org
OpenGL API 3.3.0 NVIDIA 577.05 - Compatibility - Using Device: NVIDIA - NVIDIA GeForce RTX 5060 Laptop GPU

SentryGodotInitializer: Sentry GDExtension not loaded in this process; skipping. If you see this in a running game (not during project export or IDE script analysis), check Godot's log for extension load failures.
CAPTURE_RESULT 0
PASS_NATIVE_CATALOG: real NTopBarButton and NHoverTipSet; mouse close and Escape clear tips and focus, rehover works, controller close restores focus and tips, no state changes

Godot Engine v4.5.1.stable.mono.official.f62fdbde1 - https://godotengine.org
OpenGL API 3.3.0 NVIDIA 577.05 - Compatibility - Using Device: NVIDIA - NVIDIA GeForce RTX 5060 Laptop GPU

SentryGodotInitializer: Sentry GDExtension not loaded in this process; skipping. If you see this in a running game (not during project export or IDE script analysis), check Godot's log for extension load failures.
ENTRY_CAPTURE 0
CAPTURE_RESULT 0
PASS_GALLERY: 34 chips, gray undiscovered artwork, colored inventory/installed chips, live discovery refresh, book hover/click, modal isolation, cursor restoration, close/reopen/Escape, viewing preserves board state

  LaffeySpire2 -> D:\GitClone\LaffeySpire2\.godot\mono\temp\bin\Debug\LaffeySpire2.dll
  Copying .dll and manifest to mods folder.

已成功生成。
    0 个警告
    0 个错误

已用时间 00:00:01.23

Isolated preview diagnostics: root certificate store unavailable; packed scene UIDs fall back to verified script paths. No assertion or runtime exception.
